MPLINK 4.38, Linker
Linker Map File - Created Sat Jan 22 14:47:04 2011

                                 Section Info
                  Section       Type    Address   Location Size(Bytes)
                ---------  ---------  ---------  ---------  ---------
                   .org_0       code   0x000000    program   0x000000
                  .org_17       code   0x000000    program   0x000666
.config_2007_TX_PIC16F636.O       code   0x002007    program   0x000002
                   .org_1       code   0x002100    program   0x00000c
                   .org_2       code   0x002106    program   0x000004
                   .org_3       code   0x002108    program   0x00000c
                   .org_4       code   0x00210e    program   0x000004
                   .org_5       code   0x002110    program   0x000008
                   .org_6       code   0x002114    program   0x000010
                   .org_7       code   0x00211c    program   0x000004
                   .org_8       code   0x00211e    program   0x000010
                   .org_9       code   0x002126    program   0x000008
                  .org_10       code   0x00212a    program   0x000010
                  .org_11       code   0x002132    program   0x000004
                  .org_12       code   0x002134    program   0x000010
                  .org_13       code   0x00213c    program   0x000002
                  .org_14       code   0x00213d    program   0x000002
                  .org_15       code   0x00213e    program   0x000002
                  .org_16       code   0x00213f    program   0x000002



                              Program Memory Usage 
                               Start         End      
                           ---------   ---------      
                            0x000000    0x000332      
                            0x002007    0x002007      
                            0x002100    0x00213f      
            884 out of 2310 program addresses used, program memory utilization is 38%



                              Symbols - Sorted by Name
                     Name    Address   Location    Storage File                     
                ---------  ---------  ---------  --------- ---------                
                 BLK_ADDR   0x0001e0    program     static C:\Users\xxxx\Desktop\20110118\RCS\KES\TX_PIC16F636.asm
                 BLK_NEXT   0x0001e2    program     static C:\Users\xxxx\Desktop\20110118\RCS\KES\TX_PIC16F636.asm
                 BLK_READ   0x0001e0    program     static C:\Users\xxxx\Desktop\20110118\RCS\KES\TX_PIC16F636.asm
                 CNTR_INC   0x00028f    program     static C:\Users\xxxx\Desktop\20110118\RCS\KES\CounterCode.inc
                CNTR_INC2   0x00029d    program     static C:\Users\xxxx\Desktop\20110118\RCS\KES\CounterCode.inc
                CNTR_INC3   0x0002a6    program     static C:\Users\xxxx\Desktop\20110118\RCS\KES\CounterCode.inc
                CNTR_INC4   0x0002ab    program     static C:\Users\xxxx\Desktop\20110118\RCS\KES\CounterCode.inc
                CNTR_INC5   0x0002b1    program     static C:\Users\xxxx\Desktop\20110118\RCS\KES\CounterCode.inc
                CNTR_INC6   0x0002d6    program     static C:\Users\xxxx\Desktop\20110118\RCS\KES\CounterCode.inc
                CNTR_READ   0x000268    program     static C:\Users\xxxx\Desktop\20110118\RCS\KES\CounterCode.inc
                 COPY_SER   0x0001db    program     static C:\Users\xxxx\Desktop\20110118\RCS\KES\TX_PIC16F636.asm
                DEBOUNCE1   0x0002f7    program     static C:\Users\xxxx\Desktop\20110118\RCS\KES\TX_PIC16F636.asm
                DEBOUNCER   0x0002dd    program     static C:\Users\xxxx\Desktop\20110118\RCS\KES\TX_PIC16F636.asm
                DLY_200US   0x00006a    program     static C:\Users\xxxx\Desktop\20110118\RCS\KES\TX_PIC16F636.asm
                  DLY_3US   0x00006d    program     static C:\Users\xxxx\Desktop\20110118\RCS\KES\TX_PIC16F636.asm
                  DLY_US2   0x00006b    program     static C:\Users\xxxx\Desktop\20110118\RCS\KES\TX_PIC16F636.asm
                  DLY_US3   0x00006e    program     static C:\Users\xxxx\Desktop\20110118\RCS\KES\TX_PIC16F636.asm
                   EEREAD   0x0001eb    program     static C:\Users\xxxx\Desktop\20110118\RCS\KES\TX_PIC16F636.asm
                  EEREAD0   0x0001e9    program     static C:\Users\xxxx\Desktop\20110118\RCS\KES\TX_PIC16F636.asm
                  EEREAD1   0x0001e9    program     static C:\Users\xxxx\Desktop\20110118\RCS\KES\TX_PIC16F636.asm
                  EEWRITE   0x000208    program     static C:\Users\xxxx\Desktop\20110118\RCS\KES\TX_PIC16F636.asm
                 EEWRITEI   0x000204    program     static C:\Users\xxxx\Desktop\20110118\RCS\KES\TX_PIC16F636.asm
                 ENCRYPT0   0x000217    program     static C:\Users\xxxx\Desktop\20110118\RCS\KES\Encrypt.inc
                   GRAY2B   0x000263    program     static C:\Users\xxxx\Desktop\20110118\RCS\KES\CounterCode.inc
                LOAD_KEY2   0x000224    program     static C:\Users\xxxx\Desktop\20110118\RCS\KES\Encrypt.inc
                     MAIN   0x000143    program     static C:\Users\xxxx\Desktop\20110118\RCS\KES\TX_PIC16F636.asm
                  M_GUARD   0x000188    program     static C:\Users\xxxx\Desktop\20110118\RCS\KES\TX_PIC16F636.asm
                 M_GUARD1   0x00018b    program     static C:\Users\xxxx\Desktop\20110118\RCS\KES\TX_PIC16F636.asm
                   M_OUT1   0x00019a    program     static C:\Users\xxxx\Desktop\20110118\RCS\KES\TX_PIC16F636.asm
                    M_QUE   0x0001af    program     static C:\Users\xxxx\Desktop\20110118\RCS\KES\TX_PIC16F636.asm
                   M_QUE0   0x0001ac    program     static C:\Users\xxxx\Desktop\20110118\RCS\KES\TX_PIC16F636.asm
                   M_QUE2   0x0001b5    program     static C:\Users\xxxx\Desktop\20110118\RCS\KES\TX_PIC16F636.asm
                   M_QUE3   0x0001c8    program     static C:\Users\xxxx\Desktop\20110118\RCS\KES\TX_PIC16F636.asm
                   M_QUE4   0x0001c9    program     static C:\Users\xxxx\Desktop\20110118\RCS\KES\TX_PIC16F636.asm
                   M_SEED   0x00015e    program     static C:\Users\xxxx\Desktop\20110118\RCS\KES\TX_PIC16F636.asm
                  M_SEED1   0x000160    program     static C:\Users\xxxx\Desktop\20110118\RCS\KES\TX_PIC16F636.asm
                  M_SLEEP   0x0001d1    program     static C:\Users\xxxx\Desktop\20110118\RCS\KES\TX_PIC16F636.asm
                  M_START   0x00016c    program     static C:\Users\xxxx\Desktop\20110118\RCS\KES\TX_PIC16F636.asm
                   M_TIME   0x00017e    program     static C:\Users\xxxx\Desktop\20110118\RCS\KES\TX_PIC16F636.asm
                  M_TRANS   0x000198    program     static C:\Users\xxxx\Desktop\20110118\RCS\KES\TX_PIC16F636.asm
                NEWBUTTON   0x000016    program     static C:\Users\xxxx\Desktop\20110118\RCS\KES\TX_PIC16F636.asm
                    RESET   0x000000    program     static C:\Users\xxxx\Desktop\20110118\RCS\KES\TX_PIC16F636.asm
                RFOUT_OFF   0x000017    program     static C:\Users\xxxx\Desktop\20110118\RCS\KES\TX_PIC16F636.asm
               RFOUT_OFF3   0x000018    program     static C:\Users\xxxx\Desktop\20110118\RCS\KES\TX_PIC16F636.asm
                 RFOUT_ON   0x00001a    program     static C:\Users\xxxx\Desktop\20110118\RCS\KES\TX_PIC16F636.asm
                RFOUT_ON3   0x00001b    program     static C:\Users\xxxx\Desktop\20110118\RCS\KES\TX_PIC16F636.asm
                   SETTX0   0x0001f1    program     static C:\Users\xxxx\Desktop\20110118\RCS\KES\TX_PIC16F636.asm
                 TE_DEL03   0x00001f    program     static C:\Users\xxxx\Desktop\20110118\RCS\KES\TX_PIC16F636.asm
                 TE_DEL05   0x000020    program     static C:\Users\xxxx\Desktop\20110118\RCS\KES\TX_PIC16F636.asm
                 TE_DEL10   0x00002b    program     static C:\Users\xxxx\Desktop\20110118\RCS\KES\TX_PIC16F636.asm
                 TE_DEL30   0x00002f    program     static C:\Users\xxxx\Desktop\20110118\RCS\KES\TX_PIC16F636.asm
                 TE_DEL90   0x000036    program     static C:\Users\xxxx\Desktop\20110118\RCS\KES\TX_PIC16F636.asm
                 TE_DELAY   0x00001e    program     static C:\Users\xxxx\Desktop\20110118\RCS\KES\TX_PIC16F636.asm
                TE_DELAYL   0x00001d    program     static C:\Users\xxxx\Desktop\20110118\RCS\KES\TX_PIC16F636.asm
                 TRANSMIT   0x0000d0    program     static C:\Users\xxxx\Desktop\20110118\RCS\KES\TX_PIC16F636.asm
                  TST_CLK   0x00005b    program     static C:\Users\xxxx\Desktop\20110118\RCS\KES\TX_PIC16F636.asm
                 TST_CLK5   0x000069    program     static C:\Users\xxxx\Desktop\20110118\RCS\KES\TX_PIC16F636.asm
                  TST_LED   0x000045    program     static C:\Users\xxxx\Desktop\20110118\RCS\KES\TX_PIC16F636.asm
                 TST_LED1   0x000055    program     static C:\Users\xxxx\Desktop\20110118\RCS\KES\TX_PIC16F636.asm
                 TST_LED2   0x000058    program     static C:\Users\xxxx\Desktop\20110118\RCS\KES\TX_PIC16F636.asm
                  TX_1BIT   0x000074    program     static C:\Users\xxxx\Desktop\20110118\RCS\KES\TX_PIC16F636.asm
                  TX_BITH   0x000073    program     static C:\Users\xxxx\Desktop\20110118\RCS\KES\TX_PIC16F636.asm
                  TX_BITL   0x00007a    program     static C:\Users\xxxx\Desktop\20110118\RCS\KES\TX_PIC16F636.asm
                  TX_BITS   0x000077    program     static C:\Users\xxxx\Desktop\20110118\RCS\KES\TX_PIC16F636.asm
                  TX_BITW   0x000075    program     static C:\Users\xxxx\Desktop\20110118\RCS\KES\TX_PIC16F636.asm
                 TX_BITWW   0x000080    program     static C:\Users\xxxx\Desktop\20110118\RCS\KES\TX_PIC16F636.asm
             TX_INDEX_INC   0x0001f9    program     static C:\Users\xxxx\Desktop\20110118\RCS\KES\TX_PIC16F636.asm
                   TX_MAN   0x000099    program     static C:\Users\xxxx\Desktop\20110118\RCS\KES\TX_PIC16F636.asm
                   TX_PPM   0x000089    program     static C:\Users\xxxx\Desktop\20110118\RCS\KES\TX_PIC16F636.asm
                  TX_PRE1   0x00010a    program     static C:\Users\xxxx\Desktop\20110118\RCS\KES\TX_PIC16F636.asm
                  TX_PRE2   0x00010d    program     static C:\Users\xxxx\Desktop\20110118\RCS\KES\TX_PIC16F636.asm
                   TX_PWM   0x0000ab    program     static C:\Users\xxxx\Desktop\20110118\RCS\KES\TX_PIC16F636.asm
                  TX_PWM1   0x0000ac    program     static C:\Users\xxxx\Desktop\20110118\RCS\KES\TX_PIC16F636.asm
                  TX_PWM2   0x0000b1    program     static C:\Users\xxxx\Desktop\20110118\RCS\KES\TX_PIC16F636.asm
                  TX_PWM3   0x0000b3    program     static C:\Users\xxxx\Desktop\20110118\RCS\KES\TX_PIC16F636.asm
                TX_ROTATE   0x0000b8    program     static C:\Users\xxxx\Desktop\20110118\RCS\KES\TX_PIC16F636.asm
                 TX_SYNC2   0x00012c    program     static C:\Users\xxxx\Desktop\20110118\RCS\KES\TX_PIC16F636.asm
                  TX_VPWM   0x00009f    program     static C:\Users\xxxx\Desktop\20110118\RCS\KES\TX_PIC16F636.asm
                    TX_WM   0x00009d    program     static C:\Users\xxxx\Desktop\20110118\RCS\KES\TX_PIC16F636.asm
               VLOW_DELAY   0x000044    program     static C:\Users\xxxx\Desktop\20110118\RCS\KES\TX_PIC16F636.asm
               VLOW_LEVEL   0x0000be    program     static C:\Users\xxxx\Desktop\20110118\RCS\KES\TX_PIC16F636.asm
                  WR_WAIT   0x000210    program     static C:\Users\xxxx\Desktop\20110118\RCS\KES\TX_PIC16F636.asm
                  XmitNOW   0x000320    program     static C:\Users\xxxx\Desktop\20110118\RCS\KES\TX_PIC16F636.asm



                              Symbols - Sorted by Address
                     Name    Address   Location    Storage File                     
                ---------  ---------  ---------  --------- ---------                
                    RESET   0x000000    program     static C:\Users\xxxx\Desktop\20110118\RCS\KES\TX_PIC16F636.asm
                NEWBUTTON   0x000016    program     static C:\Users\xxxx\Desktop\20110118\RCS\KES\TX_PIC16F636.asm
                RFOUT_OFF   0x000017    program     static C:\Users\xxxx\Desktop\20110118\RCS\KES\TX_PIC16F636.asm
               RFOUT_OFF3   0x000018    program     static C:\Users\xxxx\Desktop\20110118\RCS\KES\TX_PIC16F636.asm
                 RFOUT_ON   0x00001a    program     static C:\Users\xxxx\Desktop\20110118\RCS\KES\TX_PIC16F636.asm
                RFOUT_ON3   0x00001b    program     static C:\Users\xxxx\Desktop\20110118\RCS\KES\TX_PIC16F636.asm
                TE_DELAYL   0x00001d    program     static C:\Users\xxxx\Desktop\20110118\RCS\KES\TX_PIC16F636.asm
                 TE_DELAY   0x00001e    program     static C:\Users\xxxx\Desktop\20110118\RCS\KES\TX_PIC16F636.asm
                 TE_DEL03   0x00001f    program     static C:\Users\xxxx\Desktop\20110118\RCS\KES\TX_PIC16F636.asm
                 TE_DEL05   0x000020    program     static C:\Users\xxxx\Desktop\20110118\RCS\KES\TX_PIC16F636.asm
                 TE_DEL10   0x00002b    program     static C:\Users\xxxx\Desktop\20110118\RCS\KES\TX_PIC16F636.asm
                 TE_DEL30   0x00002f    program     static C:\Users\xxxx\Desktop\20110118\RCS\KES\TX_PIC16F636.asm
                 TE_DEL90   0x000036    program     static C:\Users\xxxx\Desktop\20110118\RCS\KES\TX_PIC16F636.asm
               VLOW_DELAY   0x000044    program     static C:\Users\xxxx\Desktop\20110118\RCS\KES\TX_PIC16F636.asm
                  TST_LED   0x000045    program     static C:\Users\xxxx\Desktop\20110118\RCS\KES\TX_PIC16F636.asm
                 TST_LED1   0x000055    program     static C:\Users\xxxx\Desktop\20110118\RCS\KES\TX_PIC16F636.asm
                 TST_LED2   0x000058    program     static C:\Users\xxxx\Desktop\20110118\RCS\KES\TX_PIC16F636.asm
                  TST_CLK   0x00005b    program     static C:\Users\xxxx\Desktop\20110118\RCS\KES\TX_PIC16F636.asm
                 TST_CLK5   0x000069    program     static C:\Users\xxxx\Desktop\20110118\RCS\KES\TX_PIC16F636.asm
                DLY_200US   0x00006a    program     static C:\Users\xxxx\Desktop\20110118\RCS\KES\TX_PIC16F636.asm
                  DLY_US2   0x00006b    program     static C:\Users\xxxx\Desktop\20110118\RCS\KES\TX_PIC16F636.asm
                  DLY_3US   0x00006d    program     static C:\Users\xxxx\Desktop\20110118\RCS\KES\TX_PIC16F636.asm
                  DLY_US3   0x00006e    program     static C:\Users\xxxx\Desktop\20110118\RCS\KES\TX_PIC16F636.asm
                  TX_BITH   0x000073    program     static C:\Users\xxxx\Desktop\20110118\RCS\KES\TX_PIC16F636.asm
                  TX_1BIT   0x000074    program     static C:\Users\xxxx\Desktop\20110118\RCS\KES\TX_PIC16F636.asm
                  TX_BITW   0x000075    program     static C:\Users\xxxx\Desktop\20110118\RCS\KES\TX_PIC16F636.asm
                  TX_BITS   0x000077    program     static C:\Users\xxxx\Desktop\20110118\RCS\KES\TX_PIC16F636.asm
                  TX_BITL   0x00007a    program     static C:\Users\xxxx\Desktop\20110118\RCS\KES\TX_PIC16F636.asm
                 TX_BITWW   0x000080    program     static C:\Users\xxxx\Desktop\20110118\RCS\KES\TX_PIC16F636.asm
                   TX_PPM   0x000089    program     static C:\Users\xxxx\Desktop\20110118\RCS\KES\TX_PIC16F636.asm
                   TX_MAN   0x000099    program     static C:\Users\xxxx\Desktop\20110118\RCS\KES\TX_PIC16F636.asm
                    TX_WM   0x00009d    program     static C:\Users\xxxx\Desktop\20110118\RCS\KES\TX_PIC16F636.asm
                  TX_VPWM   0x00009f    program     static C:\Users\xxxx\Desktop\20110118\RCS\KES\TX_PIC16F636.asm
                   TX_PWM   0x0000ab    program     static C:\Users\xxxx\Desktop\20110118\RCS\KES\TX_PIC16F636.asm
                  TX_PWM1   0x0000ac    program     static C:\Users\xxxx\Desktop\20110118\RCS\KES\TX_PIC16F636.asm
                  TX_PWM2   0x0000b1    program     static C:\Users\xxxx\Desktop\20110118\RCS\KES\TX_PIC16F636.asm
                  TX_PWM3   0x0000b3    program     static C:\Users\xxxx\Desktop\20110118\RCS\KES\TX_PIC16F636.asm
                TX_ROTATE   0x0000b8    program     static C:\Users\xxxx\Desktop\20110118\RCS\KES\TX_PIC16F636.asm
               VLOW_LEVEL   0x0000be    program     static C:\Users\xxxx\Desktop\20110118\RCS\KES\TX_PIC16F636.asm
                 TRANSMIT   0x0000d0    program     static C:\Users\xxxx\Desktop\20110118\RCS\KES\TX_PIC16F636.asm
                  TX_PRE1   0x00010a    program     static C:\Users\xxxx\Desktop\20110118\RCS\KES\TX_PIC16F636.asm
                  TX_PRE2   0x00010d    program     static C:\Users\xxxx\Desktop\20110118\RCS\KES\TX_PIC16F636.asm
                 TX_SYNC2   0x00012c    program     static C:\Users\xxxx\Desktop\20110118\RCS\KES\TX_PIC16F636.asm
                     MAIN   0x000143    program     static C:\Users\xxxx\Desktop\20110118\RCS\KES\TX_PIC16F636.asm
                   M_SEED   0x00015e    program     static C:\Users\xxxx\Desktop\20110118\RCS\KES\TX_PIC16F636.asm
                  M_SEED1   0x000160    program     static C:\Users\xxxx\Desktop\20110118\RCS\KES\TX_PIC16F636.asm
                  M_START   0x00016c    program     static C:\Users\xxxx\Desktop\20110118\RCS\KES\TX_PIC16F636.asm
                   M_TIME   0x00017e    program     static C:\Users\xxxx\Desktop\20110118\RCS\KES\TX_PIC16F636.asm
                  M_GUARD   0x000188    program     static C:\Users\xxxx\Desktop\20110118\RCS\KES\TX_PIC16F636.asm
                 M_GUARD1   0x00018b    program     static C:\Users\xxxx\Desktop\20110118\RCS\KES\TX_PIC16F636.asm
                  M_TRANS   0x000198    program     static C:\Users\xxxx\Desktop\20110118\RCS\KES\TX_PIC16F636.asm
                   M_OUT1   0x00019a    program     static C:\Users\xxxx\Desktop\20110118\RCS\KES\TX_PIC16F636.asm
                   M_QUE0   0x0001ac    program     static C:\Users\xxxx\Desktop\20110118\RCS\KES\TX_PIC16F636.asm
                    M_QUE   0x0001af    program     static C:\Users\xxxx\Desktop\20110118\RCS\KES\TX_PIC16F636.asm
                   M_QUE2   0x0001b5    program     static C:\Users\xxxx\Desktop\20110118\RCS\KES\TX_PIC16F636.asm
                   M_QUE3   0x0001c8    program     static C:\Users\xxxx\Desktop\20110118\RCS\KES\TX_PIC16F636.asm
                   M_QUE4   0x0001c9    program     static C:\Users\xxxx\Desktop\20110118\RCS\KES\TX_PIC16F636.asm
                  M_SLEEP   0x0001d1    program     static C:\Users\xxxx\Desktop\20110118\RCS\KES\TX_PIC16F636.asm
                 COPY_SER   0x0001db    program     static C:\Users\xxxx\Desktop\20110118\RCS\KES\TX_PIC16F636.asm
                 BLK_ADDR   0x0001e0    program     static C:\Users\xxxx\Desktop\20110118\RCS\KES\TX_PIC16F636.asm
                 BLK_READ   0x0001e0    program     static C:\Users\xxxx\Desktop\20110118\RCS\KES\TX_PIC16F636.asm
                 BLK_NEXT   0x0001e2    program     static C:\Users\xxxx\Desktop\20110118\RCS\KES\TX_PIC16F636.asm
                  EEREAD1   0x0001e9    program     static C:\Users\xxxx\Desktop\20110118\RCS\KES\TX_PIC16F636.asm
                  EEREAD0   0x0001e9    program     static C:\Users\xxxx\Desktop\20110118\RCS\KES\TX_PIC16F636.asm
                   EEREAD   0x0001eb    program     static C:\Users\xxxx\Desktop\20110118\RCS\KES\TX_PIC16F636.asm
                   SETTX0   0x0001f1    program     static C:\Users\xxxx\Desktop\20110118\RCS\KES\TX_PIC16F636.asm
             TX_INDEX_INC   0x0001f9    program     static C:\Users\xxxx\Desktop\20110118\RCS\KES\TX_PIC16F636.asm
                 EEWRITEI   0x000204    program     static C:\Users\xxxx\Desktop\20110118\RCS\KES\TX_PIC16F636.asm
                  EEWRITE   0x000208    program     static C:\Users\xxxx\Desktop\20110118\RCS\KES\TX_PIC16F636.asm
                  WR_WAIT   0x000210    program     static C:\Users\xxxx\Desktop\20110118\RCS\KES\TX_PIC16F636.asm
                 ENCRYPT0   0x000217    program     static C:\Users\xxxx\Desktop\20110118\RCS\KES\Encrypt.inc
                LOAD_KEY2   0x000224    program     static C:\Users\xxxx\Desktop\20110118\RCS\KES\Encrypt.inc
                   GRAY2B   0x000263    program     static C:\Users\xxxx\Desktop\20110118\RCS\KES\CounterCode.inc
                CNTR_READ   0x000268    program     static C:\Users\xxxx\Desktop\20110118\RCS\KES\CounterCode.inc
                 CNTR_INC   0x00028f    program     static C:\Users\xxxx\Desktop\20110118\RCS\KES\CounterCode.inc
                CNTR_INC2   0x00029d    program     static C:\Users\xxxx\Desktop\20110118\RCS\KES\CounterCode.inc
                CNTR_INC3   0x0002a6    program     static C:\Users\xxxx\Desktop\20110118\RCS\KES\CounterCode.inc
                CNTR_INC4   0x0002ab    program     static C:\Users\xxxx\Desktop\20110118\RCS\KES\CounterCode.inc
                CNTR_INC5   0x0002b1    program     static C:\Users\xxxx\Desktop\20110118\RCS\KES\CounterCode.inc
                CNTR_INC6   0x0002d6    program     static C:\Users\xxxx\Desktop\20110118\RCS\KES\CounterCode.inc
                DEBOUNCER   0x0002dd    program     static C:\Users\xxxx\Desktop\20110118\RCS\KES\TX_PIC16F636.asm
                DEBOUNCE1   0x0002f7    program     static C:\Users\xxxx\Desktop\20110118\RCS\KES\TX_PIC16F636.asm
                  XmitNOW   0x000320    program     static C:\Users\xxxx\Desktop\20110118\RCS\KES\TX_PIC16F636.asm


